> Task :app:preBuild UP-TO-DATE
> Task :app:preDebugBuild UP-TO-DATE
> Task :app:mergeDebugNativeDebugMetadata NO-SOURCE
> Task :app:generateDebugResources
> Task :app:packageDebugResources
> Task :app:processDebugNavigationResources
> Task :app:generateDebugAssets UP-TO-DATE
> Task :app:javaPreCompileDebug
> Task :app:mergeDebugAssets
> Task :app:compressDebugAssets
> Task :app:parseDebugLocalResources
> Task :app:generateDebugGlobalSynthetics
> Task :app:generateDebugRFile
> Task :app:checkDebugDuplicateClasses
> Task :app:desugarDebugFileDependencies
> Task :app:compileDebugKotlin
w: file:///C:/Users/ShejanAhmmed/Documents/All%20My%20Projects/Apps/EasyRead/app/src/main/java/com/shejan/easyread/ui/components/FloatingNavBar.kt:52:50 'val Icons.Filled.LibraryBooks: ImageVector' is deprecated. Use the AutoMirrored version at Icons.AutoMirrored.Filled.LibraryBooks.
w: file:///C:/Users/ShejanAhmmed/Documents/All%20My%20Projects/Apps/EasyRead/app/src/main/java/com/shejan/easyread/ui/components/FloatingNavBar.kt:52:79 'val Icons.Outlined.LibraryBooks: ImageVector' is deprecated. Use the AutoMirrored version at Icons.AutoMirrored.Outlined.LibraryBooks.
w: file:///C:/Users/ShejanAhmmed/Documents/All%20My%20Projects/Apps/EasyRead/app/src/main/java/com/shejan/easyread/ui/theme/Theme.kt:55:20 'var statusBarColor: Int' is deprecated. Deprecated in Java.
w: file:///C:/Users/ShejanAhmmed/Documents/All%20My%20Projects/Apps/EasyRead/app/src/main/java/com/shejan/easyread/ui/theme/Theme.kt:57:20 'var navigationBarColor: Int' is deprecated. Deprecated in Java.

> Task :app:mergeExtDexDebug
> Task :app:compileDebugJavaWithJavac NO-SOURCE
> Task :app:processDebugJavaRes
> Task :app:mergeLibDexDebug
> Task :app:mapDebugSourceSetPaths
> Task :app:checkDebugAarMetadata
> Task :app:compileDebugNavigationResources
> Task :app:createDebugCompatibleScreenManifests
> Task :app:extractDeepLinksDebug
> Task :app:mergeDebugJavaResource
> Task :app:processDebugMainManifest
> Task :app:processDebugManifest
> Task :app:mergeDebugJniLibFolders
> Task :app:mergeDebugResources
> Task :app:mergeDebugNativeLibs
> Task :app:validateSigningDebug
> Task :app:writeDebugAppMetadata
> Task :app:writeDebugSigningConfigVersions
> Task :app:processDebugManifestForPackage

> Task :app:stripDebugDebugSymbols
Unable to strip the following libraries, packaging them as they are: libandroidx.graphics.path.so. Run with --info option to learn more.

> Task :app:processDebugResources
> Task :app:dexBuilderDebug
> Task :app:mergeProjectDexDebug
> Task :app:packageDebug
> Task :app:createDebugApkListingFileRedirect
> Task :app:assembleDebug

BUILD SUCCESSFUL in 1m 58s
36 actionable tasks: 36 executed
Consider enabling configuration cache to speed up this build: https://docs.gradle.org/9.4.1/userguide/configuration_cache_enabling.html
